// Jest Snapshot v1, https://goo.gl/fbAQLP

exports[`Popup Should match the snapshot 1`] = `ShallowWrapper {}`;
