// Jest Snapshot v1, https://goo.gl/fbAQLP

exports[`Gallery Should match the snapshot 1`] = `ShallowWrapper {}`;
