// Jest Snapshot v1, https://goo.gl/fbAQLP

exports[`About Should match the snapshot 1`] = `ShallowWrapper {}`;
